// Jest Snapshot v1, https://goo.gl/fbAQLP

exports[`docs/rules/id-pattern.md inline validation: correct 1`] = `Array []`;

exports[`docs/rules/id-pattern.md inline validation: incorrect 1`] = `
Array [
  Object {
    "errorCount": 1,
    "filePath": "inline",
    "messages": Array [
      Object {
        "column": 6,
        "line": 1,
        "message": "ID \\"fooBar\\" does not match required pattern \\"/^[a-z0-9-]+$/\\"",
        "ruleId": "id-pattern",
        "severity": 2,
      },
    ],
    "warningCount": 0,
  },
]
`;
