// Jest Snapshot v1, https://goo.gl/fbAQLP

exports[`rule deprecated smoketest 1`] = `
Array [
  Object {
    "errorCount": 1,
    "filePath": "test-files/rules/deprecated.html",
    "messages": Array [
      Object {
        "column": 1,
        "line": 2,
        "message": "<marquee> is deprecated",
        "offset": 19,
        "ruleId": "deprecated",
        "severity": 2,
        "size": 8,
      },
    ],
    "source": "<p>lorem ipsum</p>
<marquee>foobar</marquee>
",
    "warningCount": 0,
  },
]
`;
