// Jest Snapshot v1, https://goo.gl/fbAQLP

exports[`rule element-required-content should contain documentation 1`] = `
{
  "description": "The \`<my-element>\` element requires a \`<my-other-element>\` to be present as content.",
  "url": "https://html-validate.org/rules/element-required-content.html",
}
`;
