// Jest Snapshot v1, https://goo.gl/fbAQLP

exports[`rule empty-title should contain documentation 1`] = `
Object {
  "description": "The \`<title>\` element cannot be empty, it must have textual content.

It is used to describe the document and is shown in the browser tab and titlebar.
WCAG and SEO requires a descriptive title and preferably unique within the site.

Whitespace is ignored.",
  "url": "https://html-validate.org/rules/empty-title.html",
}
`;

exports[`rule empty-title smoketest 1`] = `
Array [
  Object {
    "errorCount": 2,
    "filePath": "test-files/rules/empty-title.html",
    "messages": Array [
      Object {
        "column": 2,
        "context": undefined,
        "line": 2,
        "message": "<title> cannot be empty, must have text content",
        "offset": 28,
        "ruleId": "empty-title",
        "ruleUrl": "https://html-validate.org/rules/empty-title.html",
        "selector": "title:nth-child(2)",
        "severity": 2,
        "size": 5,
      },
      Object {
        "column": 2,
        "context": undefined,
        "line": 3,
        "message": "<title> cannot be empty, must have text content",
        "offset": 44,
        "ruleId": "empty-title",
        "ruleUrl": "https://html-validate.org/rules/empty-title.html",
        "selector": "title:nth-child(3)",
        "severity": 2,
        "size": 5,
      },
    ],
    "source": "<title>Lorem ipsum</title>
<title></title>
<title> </title>
",
    "warningCount": 0,
  },
]
`;
