// Jest Snapshot v1, https://jestjs.io/docs/snapshot-testing

exports[`rule long-title should contain documentation 1`] = `
{
  "description": "Search engines truncates titles with long text, possibly down-ranking the page in the process.",
  "url": "https://html-validate.org/rules/long-title.html",
}
`;
