// Jest Snapshot v1, https://goo.gl/fbAQLP

exports[`toBeValid() should fail if async report is invalid 1`] = `"Result should be valid but had error \\"mock message\\""`;

exports[`toBeValid() should fail if report is invalid 1`] = `"Result should be valid but had error \\"mock message\\""`;
