// Jest Snapshot v1, https://goo.gl/fbAQLP

exports[`docs/rules/heading-level.md inline validation: correct 1`] = `[]`;

exports[`docs/rules/heading-level.md inline validation: incorrect 1`] = `
[
  {
    "errorCount": 1,
    "filePath": "inline",
    "messages": [
      {
        "column": 2,
        "context": undefined,
        "line": 2,
        "message": "Heading level can only increase by one, expected <h2> but got <h3>",
        "offset": 20,
        "ruleId": "heading-level",
        "ruleUrl": "https://html-validate.org/rules/heading-level.html",
        "selector": "h3",
        "severity": 2,
        "size": 2,
      },
    ],
    "source": "<h1>Heading 1</h1>
<h3>Subheading</h3>",
    "warningCount": 0,
  },
]
`;

exports[`docs/rules/heading-level.md inline validation: min-initial-rank 1`] = `[]`;

exports[`docs/rules/heading-level.md inline validation: sectioning-root 1`] = `[]`;
