// Jest Snapshot v1, https://goo.gl/fbAQLP

exports[`docs/rules/no-deprecated-attr.md inline validation: correct 1`] = `Array []`;

exports[`docs/rules/no-deprecated-attr.md inline validation: incorrect 1`] = `
Array [
  Object {
    "errorCount": 1,
    "filePath": "inline",
    "messages": Array [
      Object {
        "column": 7,
        "line": 1,
        "message": "Attribute \\"bgcolor\\" is deprecated on <body> element",
        "offset": 6,
        "ruleId": "no-deprecated-attr",
        "severity": 2,
        "size": 7,
      },
    ],
    "source": "<body bgcolor=\\"red\\"></body>",
    "warningCount": 0,
  },
]
`;
