// Jest Snapshot v1, https://goo.gl/fbAQLP

exports[`docs/rules/no-dup-class.md inline validation: correct 1`] = `[]`;

exports[`docs/rules/no-dup-class.md inline validation: incorrect 1`] = `
[
  {
    "errorCount": 1,
    "filePath": "inline",
    "messages": [
      {
        "column": 21,
        "line": 1,
        "message": "Class "foo" duplicated",
        "offset": 20,
        "ruleId": "no-dup-class",
        "ruleUrl": "https://html-validate.org/rules/no-dup-class.html",
        "selector": "div",
        "severity": 2,
        "size": 3,
      },
    ],
    "source": "<div class="foo bar foo"></div>",
    "warningCount": 0,
  },
]
`;
