// Jest Snapshot v1, https://jestjs.io/docs/snapshot-testing

exports[`docs/rules/no-dup-attr.md inline validation: correct 1`] = `[]`;

exports[`docs/rules/no-dup-attr.md inline validation: incorrect 1`] = `
[
  {
    "errorCount": 1,
    "filePath": "inline",
    "messages": [
      {
        "column": 18,
        "line": 1,
        "message": "Attribute "class" duplicated",
        "offset": 17,
        "ruleId": "no-dup-attr",
        "ruleUrl": "https://html-validate.org/rules/no-dup-attr.html",
        "selector": "div",
        "severity": 2,
        "size": 5,
      },
    ],
    "source": "<div class="foo" class="bar"></div>",
    "warningCount": 0,
  },
]
`;
