// Jest Snapshot v1, https://goo.gl/fbAQLP

exports[`docs/rules/no-multiple-main.md inline validation: correct 1`] = `[]`;

exports[`docs/rules/no-multiple-main.md inline validation: incorrect 1`] = `
[
  {
    "errorCount": 1,
    "filePath": "inline",
    "messages": [
      {
        "column": 2,
        "line": 2,
        "message": "Multiple <main> elements present in document",
        "offset": 18,
        "ruleId": "no-multiple-main",
        "ruleUrl": "https://html-validate.org/rules/no-multiple-main.html",
        "selector": "main:nth-child(2)",
        "severity": 2,
        "size": 4,
      },
    ],
    "source": "<main>foo</main>
<main>bar</main>",
    "warningCount": 0,
  },
]
`;
