// Jest Snapshot v1, https://goo.gl/fbAQLP

exports[`docs/rules/no-redundant-role.md inline validation: correct 1`] = `[]`;

exports[`docs/rules/no-redundant-role.md inline validation: incorrect 1`] = `
[
  {
    "errorCount": 2,
    "filePath": "inline",
    "messages": [
      {
        "column": 13,
        "context": {
          "role": "main",
          "tagName": "main",
        },
        "line": 1,
        "message": "Redundant role "main" on <main>",
        "offset": 12,
        "ruleId": "no-redundant-role",
        "ruleUrl": "https://html-validate.org/rules/no-redundant-role.html",
        "selector": "main",
        "severity": 2,
        "size": 4,
      },
      {
        "column": 15,
        "context": {
          "role": "listitem",
          "tagName": "li",
        },
        "line": 3,
        "message": "Redundant role "listitem" on <li>",
        "offset": 40,
        "ruleId": "no-redundant-role",
        "ruleUrl": "https://html-validate.org/rules/no-redundant-role.html",
        "selector": "main > ul > li",
        "severity": 2,
        "size": 8,
      },
    ],
    "source": "<main role="main">
  <ul>
    <li role="listitem">Lorem ipsum</li>
  </ul>
</main>",
    "warningCount": 0,
  },
]
`;
