// Jest Snapshot v1, https://goo.gl/fbAQLP

exports[`docs/rules/prefer-tbody.md inline validation: correct 1`] = `[]`;

exports[`docs/rules/prefer-tbody.md inline validation: incorrect 1`] = `
[
  {
    "errorCount": 1,
    "filePath": "inline",
    "messages": [
      {
        "column": 3,
        "line": 2,
        "message": "Prefer to wrap <tr> elements in <tbody>",
        "offset": 10,
        "ruleId": "prefer-tbody",
        "ruleUrl": "https://html-validate.org/rules/prefer-tbody.html",
        "selector": "table > tr",
        "severity": 2,
        "size": 2,
      },
    ],
    "source": "<table>
	<tr><td>...</td></tr>
</table>",
    "warningCount": 0,
  },
]
`;
