// Jest Snapshot v1, https://goo.gl/fbAQLP

exports[`wcag/h30 should contain documentation 1`] = `
Object {
  "description": "WCAG 2.1 requires each \`<a>\` anchor link to have a text describing the purpose of the link using either plain text or an \`<img>\` with the \`alt\` attribute set.",
  "url": "https://html-validate.org/rules/h30.html",
}
`;

exports[`wcag/h30 smoketest 1`] = `
Array [
  Object {
    "errorCount": 4,
    "filePath": "test-files/rules/wcag/h30.html",
    "messages": Array [
      Object {
        "column": 2,
        "context": undefined,
        "line": 7,
        "message": "Anchor link must have a text describing its purpose",
        "offset": 128,
        "ruleId": "wcag/h30",
        "selector": "a:nth-child(4)",
        "severity": 2,
        "size": 1,
      },
      Object {
        "column": 2,
        "context": undefined,
        "line": 8,
        "message": "Anchor link must have a text describing its purpose",
        "offset": 136,
        "ruleId": "wcag/h30",
        "selector": "a:nth-child(5)",
        "severity": 2,
        "size": 1,
      },
      Object {
        "column": 2,
        "context": undefined,
        "line": 9,
        "message": "Anchor link must have a text describing its purpose",
        "offset": 149,
        "ruleId": "wcag/h30",
        "selector": "a:nth-child(6)",
        "severity": 2,
        "size": 1,
      },
      Object {
        "column": 2,
        "context": undefined,
        "line": 10,
        "message": "Anchor link must have a text describing its purpose",
        "offset": 166,
        "ruleId": "wcag/h30",
        "selector": "a:nth-child(7)",
        "severity": 2,
        "size": 1,
      },
    ],
    "source": "<!-- valid cases -->
<a>lorem ipsum</a>
<a><span>lorem ipsum</span></a>
<a><img alt=\\"lorem ipsum\\"></a>

<!-- invalid cases -->
<a></a>
<a><img></a>
<a><img alt></a>
<a><img alt=\\"\\"></a>
",
    "warningCount": 0,
  },
]
`;
