// Jest Snapshot v1, https://goo.gl/fbAQLP

exports[`docs/rules/wcag/h37.md inline validation: alias 1`] = `Array []`;

exports[`docs/rules/wcag/h37.md inline validation: allow-empty 1`] = `Array []`;

exports[`docs/rules/wcag/h37.md inline validation: correct 1`] = `Array []`;

exports[`docs/rules/wcag/h37.md inline validation: incorrect 1`] = `
Array [
  Object {
    "errorCount": 1,
    "filePath": "inline",
    "messages": Array [
      Object {
        "column": 2,
        "context": undefined,
        "line": 1,
        "message": "<img> is missing required \\"alt\\" attribute",
        "offset": 1,
        "ruleId": "wcag/h37",
        "selector": "img",
        "severity": 2,
        "size": 3,
      },
    ],
    "source": "<img>",
    "warningCount": 0,
  },
]
`;
